    2.89  scene ready
    3.24  shot 01_clear_elevation
    3.50  shot 02_clear_three_quarter
    3.80  shot 03_clear_boom_axis
    4.37  shot 04_clear_footing_anvil
    4.67  shot 05_clear_head_winch
    5.09  shot 06_clear_tank_sightglass
    5.38  shot 07_clear_hammer_at_rest
    5.70  shot 08_clear_hammer_at_click9
    5.91  shot 09_clear_plan
    6.16  shot 10_insitu_dormant_lamp
    6.55  shot 11_insitu_click1
    7.03  shot 12_insitu_click5
    7.55  shot 13_insitu_click9
    8.21  shot 14_insitu_strike
    8.80  shot 15_insitu_two_seconds_after
    9.39  shot 16_insitu_across_the_chamber
    9.69  shot 17_insitu_from_the_passage
   10.11  shot 18_insitu_download_pose
   10.47  shot 19_clear_download_pose
   10.84  shot 20_insitu_index_mark_K14
   11.12  shot 21_insitu_wide_dormant
