cargo 1.98.1 (797e8a9bc 2026-08-05)
cargo :      Removed 0 files
At C:\Users\jackh\documents\programming\Blindside\spikes\unreal\ffi\build.ps1:72 char:5
+     cargo clean
+     ~~~~~~~~~~~
    + CategoryInfo          : NotSpecified: (     Removed 0 files:String) [], RemoteException
    + FullyQualifiedErrorId : NativeCommandError
 
cargo :    Compiling proc-macro2 v1.0.107
At C:\Users\jackh\documents\programming\Blindside\spikes\unreal\ffi\build.ps1:87 char:1
+ cargo build -p blindside-ffi --release
+ ~~~~~~~~~~~~~~~~~~~~~~~~~~~~~~~~~~~~~~
    + CategoryInfo          : NotSpecified: (   Compiling proc-macro2 v1.0.107:String) [], RemoteException
    + FullyQualifiedErrorId : NativeCommandError
 
   Compiling unicode-ident v1.0.24
   Compiling quote v1.0.47
   Compiling serde_core v1.0.229
   Compiling windows-link v0.2.1
   Compiling once_cell_polyfill v1.70.2
   Compiling utf8parse v0.2.2
   Compiling anstyle v1.0.14
   Compiling find-msvc-tools v0.1.12
   Compiling zmij v1.0.23
   Compiling getrandom v0.4.3
   Compiling colorchoice v1.0.5
   Compiling shlex v2.0.1
   Compiling is_terminal_polyfill v1.70.2
   Compiling winnow v1.0.4
   Compiling clap_lex v1.1.0
   Compiling windows-sys v0.61.2
   Compiling anstyle-parse v1.0.0
   Compiling zerocopy v0.8.57
   Compiling serde v1.0.229
   Compiling serde_json v1.0.151
   Compiling cfg-if v1.0.4
   Compiling strsim v0.11.1
   Compiling cbindgen v0.29.4
   Compiling memchr v2.8.3
   Compiling hashbrown v0.17.1
   Compiling once_cell v1.21.4
   Compiling cc v1.4.5
   Compiling toml_parser v1.1.3+spec-1.1.0
   Compiling equivalent v1.0.2
   Compiling fastrand v2.5.0
   Compiling winnow v0.7.15
   Compiling itoa v1.0.18
   Compiling fixed v1.31.0
   Compiling cpufeatures v0.3.1
   Compiling heck v0.5.0
   Compiling arrayvec v0.7.8
   Compiling log v0.4.34
   Compiling constant_time_eq v0.4.2
   Compiling az v1.3.0
   Compiling indexmap v2.14.2
   Compiling typenum v1.20.1
   Compiling bytemuck v1.25.2
   Compiling blindside-vm v0.0.1 (C:\Users\jackh\documents\programming\Blindside\spikes\unreal\ffi\rust\vendor\blindside-vm)
   Compiling anstyle-wincon v3.0.11
   Compiling anstyle-query v1.1.5
   Compiling tempfile v3.27.0
   Compiling anstream v1.0.0
   Compiling syn v2.0.119
   Compiling syn v3.0.5
   Compiling clap_builder v4.6.6
   Compiling blake3 v1.8.7
   Compiling toml_datetime v0.7.5+spec-1.1.0
   Compiling serde_spanned v1.1.1
   Compiling blindside-content v0.0.1 (C:\Users\jackh\documents\programming\Blindside\spikes\unreal\ffi\rust\vendor\blindside-content)
   Compiling toml v0.9.12+spec-1.1.0
   Compiling serde_derive v1.0.229
   Compiling clap v4.6.6
   Compiling zerocopy-derive v0.8.57
   Compiling blindside-ffi v0.0.1 (C:\Users\jackh\documents\programming\Blindside\spikes\unreal\ffi\rust\crates\blindside-ffi)
   Compiling half v2.7.1
   Compiling blindside-sim v0.0.1 (C:\Users\jackh\documents\programming\Blindside\spikes\unreal\ffi\rust\vendor\blindside-sim)
    Finished `release` profile [optimized + debuginfo] target(s) in 21.72s
cargo :    Compiling windows-link v0.2.1
At C:\Users\jackh\documents\programming\Blindside\spikes\unreal\ffi\build.ps1:92 char:5
+     cargo test -p blindside-ffi --release
+     ~~~~~~~~~~~~~~~~~~~~~~~~~~~~~~~~~~~~~
    + CategoryInfo          : NotSpecified: (   Compiling windows-link v0.2.1:String) [], RemoteException
    + FullyQualifiedErrorId : NativeCommandError
 
   Compiling serde_core v1.0.229
   Compiling anstyle v1.0.14
   Compiling once_cell_polyfill v1.70.2
   Compiling utf8parse v0.2.2
   Compiling proc-macro2 v1.0.107
   Compiling unicode-ident v1.0.24
   Compiling colorchoice v1.0.5
   Compiling is_terminal_polyfill v1.70.2
   Compiling getrandom v0.4.3
   Compiling quote v1.0.47
   Compiling zmij v1.0.23
   Compiling winnow v1.0.4
   Compiling strsim v0.11.1
   Compiling clap_lex v1.1.0
   Compiling serde v1.0.229
   Compiling windows-sys v0.61.2
   Compiling anstyle-parse v1.0.0
   Compiling serde_json v1.0.151
   Compiling winnow v0.7.15
   Compiling fastrand v2.5.0
   Compiling itoa v1.0.18
   Compiling memchr v2.8.3
   Compiling hashbrown v0.17.1
   Compiling equivalent v1.0.2
   Compiling once_cell v1.21.4
   Compiling cbindgen v0.29.4
   Compiling heck v0.5.0
   Compiling log v0.4.34
   Compiling toml_parser v1.1.3+spec-1.1.0
   Compiling indexmap v2.14.2
   Compiling syn v2.0.119
   Compiling anstyle-wincon v3.0.11
   Compiling anstyle-query v1.1.5
   Compiling tempfile v3.27.0
   Compiling anstream v1.0.0
   Compiling clap_builder v4.6.6
   Compiling serde_spanned v1.1.1
   Compiling toml_datetime v0.7.5+spec-1.1.0
   Compiling toml v0.9.12+spec-1.1.0
   Compiling clap v4.6.6
   Compiling blindside-ffi v0.0.1 (C:\Users\jackh\documents\programming\Blindside\spikes\unreal\ffi\rust\crates\blindside-ffi)
    Finished `release` profile [optimized + debuginfo] target(s) in 33.49s
     Running unittests src\lib.rs (target\release\deps\blindside_ffi-c64086d1ca8b60f3.exe)

running 6 tests
test tests::every_argument_error_is_a_status_and_not_a_crash ... ok
test tests::layout_is_what_the_header_promises ... ok
test tests::the_snapshot_changes_every_tick ... ok
test tests::create_step_snapshot_destroy ... ok
test tests::a_panic_becomes_a_status_instead_of_an_abort ... ok
test tests::the_c_api_is_deterministic_for_a_seed ... ok

test result: ok. 6 passed; 0 failed; 0 ignored; 0 measured; 0 filtered out; finished in 0.00s

     Running unittests src\bin\bench_snapshot.rs (target\release\deps\bench_snapshot-a888ece0510ad119.exe)

running 0 tests

test result: ok. 0 passed; 0 failed; 0 ignored; 0 measured; 0 filtered out; finished in 0.00s

     Running tests\header_surface.rs (target\release\deps\header_surface-081c630ee5af90e3.exe)

running 4 tests
test the_header_exports_exactly_the_reviewed_list ... ok
test nothing_that_crosses_is_a_float ... ok
test the_header_never_names_ground_truth ... ok
test the_checked_in_header_is_current ... ok

test result: ok. 4 passed; 0 failed; 0 ignored; 0 measured; 0 filtered out; finished in 0.10s

     Running tests\no_diagnostics.rs (target\release\deps\no_diagnostics-223f72057e1580d8.exe)

running 1 test
test this_crate_does_not_pull_in_the_ground_truth_window ... ok

test result: ok. 1 passed; 0 failed; 0 ignored; 0 measured; 0 filtered out; finished in 0.00s

   Doc-tests blindside_ffi

running 0 tests

test result: ok. 0 passed; 0 failed; 0 ignored; 0 measured; 0 filtered out; finished in 0.00s

cargo :     Finished `release` profile [optimized + debuginfo] target(s) in 0.11s
At C:\Users\jackh\documents\programming\Blindside\spikes\unreal\ffi\build.ps1:97 char:5
+     cargo run -p blindside-ffi --release --bin bench-snapshot
+     ~~~~~~~~~~~~~~~~~~~~~~~~~~~~~~~~~~~~~~~~~~~~~~~~~~~~~~~~~
    + CategoryInfo          : NotSpecified: (    Finished `r...get(s) in 0.11s:String) [], RemoteException
    + FullyQualifiedErrorId : NativeCommandError
 
     Running `target\release\bench-snapshot.exe`
blindside FFI boundary cost
host: windows / x86_64
profile: debug-assertions ON (matches the workspace release profile, which keeps them on for overflow checking)

per-call, independent of snapshot size:
  bs_sim_step(1)          223.5 ns  (sim tick + 1-point stage)
  bs_sim_state_hash       195.6 ns  (BLAKE3 over the Phase 0 state)
  bs_sim_tick               0.9 ns  (a trivial call: this is what the
                                  FFI call overhead itself costs)

belief snapshot, by point count:
  sim tick budget at 20 Hz = 50 ms; render frame at 60 Hz = 16.6 ms
   points        bytes  step+fill ns       copy ns  copy GB/s     % 50ms   % 16.6ms
       76         1288         415.4          13.8      93.25     0.000%     0.000%
     8192       131144       20988.7        2694.1      48.68     0.005%     0.016%
    11500       184072       32319.9        3367.7      54.66     0.007%     0.020%
    23000       368072       61110.4        6697.7      54.95     0.013%     0.040%
    65536      1048648      174177.4       38140.8      27.49     0.076%     0.229%
   500000      8000072     1318080.6      339278.3      23.58     0.679%     2.036%
  1530334     24485416     4152410.7     1447286.0      16.92     2.895%     8.684%
  4194303     67108920    11394366.2     4229289.2      15.87     8.459%    25.376%

create/destroy (not on the hot path, measured so nobody has to guess):
    11500 points        33.2 us
   500000 points      2631.7 us
Using bundled DotNet SDK version: 8.0.300 win-x64
Running UnrealBuildTool: dotnet "..\..\Engine\Binaries\DotNET\UnrealBuildTool\UnrealBuildTool.dll" BlindsideFfiEditor Win64 Development -Project=C:\Users\jackh\documents\programming\Blindside\spikes\unreal\ffi\unreal\BlindsideFfi\BlindsideFfi.uproject -WaitMutex
Log file: C:\Users\jackh\AppData\Local\UnrealBuildTool\Log.txt
Creating makefile for BlindsideFfiEditor (no existing makefile)
Available x64 toolchains (1):
 * C:\Program Files (x86)\Microsoft Visual Studio\2022\BuildTools\VC\Tools\MSVC\14.43.34808
    (Family=14.43.34808, FamilyRank=1, Version=14.43.34810, HostArchitecture=x64, ReleaseChannel=Latest, Architecture=x64)
Visual Studio 2022 compiler version 14.43.34810 is not a preferred version. Please use the latest preferred version 14.38.33130
Parsing headers for BlindsideFfiEditor
  Running Internal UnrealHeaderTool C:\Users\jackh\Documents\programming\Blindside\spikes\unreal\ffi\unreal\BlindsideFfi\BlindsideFfi.uproject C:\Users\jackh\Documents\programming\Blindside\spikes\unreal\ffi\unreal\BlindsideFfi\Intermediate\Build\Win64\BlindsideFfiEditor\Development\BlindsideFfiEditor.uhtmanifest -WarningsAsErrors -installed
Total of 4 written
Reflection code generated for BlindsideFfiEditor in 3.253577 seconds
Building BlindsideFfiEditor...
Using Visual Studio 2022 14.43.34810 toolchain (C:\Program Files (x86)\Microsoft Visual Studio\2022\BuildTools\VC\Tools\MSVC\14.43.34808) and Windows 10.0.22621.0 SDK (C:\Program Files (x86)\Windows Kits\10).
Warning: Visual Studio 2022 compiler is not a preferred version
Determining max actions to execute in parallel (8 physical cores, 16 logical cores)
  Executing up to 8 processes, one per physical core
Using Unreal Build Accelerator local executor to run 11 action(s)
  Storage capacity 40Gb
---- Starting trace: 260910_101157 ----
UbaServer - Listening on 0.0.0.0:1345
------ Building 11 action(s) started ------
[1/11] Copy blindside_ffi.dll
[2/11] Resource Default.rc2
[3/11] Compile [x64] SharedPCH.UnrealEd.Project.ValApi.ValExpApi.Cpp20.cpp
[4/11] Compile [x64] PerModuleInline.gen.cpp
[5/11] Compile [x64] Module.BlindsideFfi.gen.cpp
[6/11] Compile [x64] BlindsideRust.cpp
[7/11] Compile [x64] BlindsideSimActor.cpp
[8/11] Compile [x64] BlindsideFfi.cpp
[9/11] Link [x64] UnrealEditor-BlindsideFfi.lib
[10/11] Link [x64] UnrealEditor-BlindsideFfi.dll
[11/11] WriteMetadata BlindsideFfiEditor.target (UBA disabled)
Trace written to file C:/Users/jackh/AppData/Local/UnrealBuildTool/Log.uba with size 6.9kb
Total time in Unreal Build Accelerator local executor: 36.13 seconds

Result: Succeeded
Total execution time: 44.51 seconds
